[    1467ms] [WARNING] Unrecognized feature: 'ambient-light-sensor'. @ https://script.google.com/macros/s/AKfycbwxQFWNKu-uiNba56dXR_qC-vPUjdX89igTxl00X51VIDP3mlYQUO3u1p41_bCbjFwZ/exec:10
[    1467ms] [WARNING] Unrecognized feature: 'speaker'. @ https://script.google.com/macros/s/AKfycbwxQFWNKu-uiNba56dXR_qC-vPUjdX89igTxl00X51VIDP3mlYQUO3u1p41_bCbjFwZ/exec:10
[    1467ms] [WARNING] Unrecognized feature: 'vibrate'. @ https://script.google.com/macros/s/AKfycbwxQFWNKu-uiNba56dXR_qC-vPUjdX89igTxl00X51VIDP3mlYQUO3u1p41_bCbjFwZ/exec:10
[    1467ms] [WARNING] Unrecognized feature: 'vr'. @ https://script.google.com/macros/s/AKfycbwxQFWNKu-uiNba56dXR_qC-vPUjdX89igTxl00X51VIDP3mlYQUO3u1p41_bCbjFwZ/exec:10
[    1469ms] [WARNING] An iframe which has both allow-scripts and allow-same-origin for its sandbox attribute can escape its sandboxing. @ about:blank:0
[    2132ms] [WARNING] Unrecognized feature: 'ambient-light-sensor'. @ https://n-kz2a2nz4yo2tvmzgiih4z3vyldmidbprgbomgyi-0lu-script.googleusercontent.com/userCodeAppPanel:0
[    2132ms] [WARNING] Unrecognized feature: 'speaker'. @ https://n-kz2a2nz4yo2tvmzgiih4z3vyldmidbprgbomgyi-0lu-script.googleusercontent.com/userCodeAppPanel:0
[    2132ms] [WARNING] Unrecognized feature: 'vibrate'. @ https://n-kz2a2nz4yo2tvmzgiih4z3vyldmidbprgbomgyi-0lu-script.googleusercontent.com/userCodeAppPanel:0
[    2132ms] [WARNING] Unrecognized feature: 'vr'. @ https://n-kz2a2nz4yo2tvmzgiih4z3vyldmidbprgbomgyi-0lu-script.googleusercontent.com/userCodeAppPanel:0
[    2139ms] [ERROR] Framing 'https://n-kz2a2nz4yo2tvmzgiih4z3vyldmidbprgbomgyi-0lu-script.googleusercontent.com/' violates the following report-only Content Security Policy directive: "frame-ancestors 'self'". The violation has been logged, but no further action has been taken.
 @ :0
[    2157ms] [VERBOSE] [DOM] Password field is not contained in a form: (More info: https://goo.gl/9p2vKq) %o @ https://n-kz2a2nz4yo2tvmzgiih4z3vyldmidbprgbomgyi-0lu-script.googleusercontent.com/userCodeAppPanel:0
[   15091ms] [INFO] Net state changed from IDLE to BUSY @ https://script.google.com/static/macros/client/js/3974048703-warden_bin_i18n_warden__th.js:160
[   18482ms] [INFO] Net state changed from BUSY to IDLE @ https://script.google.com/static/macros/client/js/3974048703-warden_bin_i18n_warden__th.js:160
[  126738ms] [INFO] Net state changed from IDLE to BUSY @ https://script.google.com/static/macros/client/js/3974048703-warden_bin_i18n_warden__th.js:160
[  129245ms] [INFO] Net state changed from BUSY to IDLE @ https://script.google.com/static/macros/client/js/3974048703-warden_bin_i18n_warden__th.js:160
[  134833ms] [INFO] Net state changed from IDLE to BUSY @ https://script.google.com/static/macros/client/js/3974048703-warden_bin_i18n_warden__th.js:160
[  137546ms] [INFO] Net state changed from BUSY to IDLE @ https://script.google.com/static/macros/client/js/3974048703-warden_bin_i18n_warden__th.js:160
[  137551ms] [INFO] Net state changed from IDLE to BUSY @ https://script.google.com/static/macros/client/js/3974048703-warden_bin_i18n_warden__th.js:160
[  138766ms] [INFO] Net state changed from BUSY to IDLE @ https://script.google.com/static/macros/client/js/3974048703-warden_bin_i18n_warden__th.js:160
[  141535ms] [INFO] Net state changed from IDLE to BUSY @ https://script.google.com/static/macros/client/js/3974048703-warden_bin_i18n_warden__th.js:160
[  142796ms] [INFO] Net state changed from BUSY to IDLE @ https://script.google.com/static/macros/client/js/3974048703-warden_bin_i18n_warden__th.js:160
[  142800ms] [INFO] Net state changed from IDLE to BUSY @ https://script.google.com/static/macros/client/js/3974048703-warden_bin_i18n_warden__th.js:160
[  145938ms] [INFO] Net state changed from BUSY to IDLE @ https://script.google.com/static/macros/client/js/3974048703-warden_bin_i18n_warden__th.js:160
[  145945ms] [INFO] Net state changed from IDLE to BUSY @ https://script.google.com/static/macros/client/js/3974048703-warden_bin_i18n_warden__th.js:160
[  150323ms] [INFO] Net state changed from BUSY to IDLE @ https://script.google.com/static/macros/client/js/3974048703-warden_bin_i18n_warden__th.js:160
[  151691ms] [INFO] Net state changed from IDLE to BUSY @ https://script.google.com/static/macros/client/js/3974048703-warden_bin_i18n_warden__th.js:160
[  152964ms] [INFO] Net state changed from BUSY to IDLE @ https://script.google.com/static/macros/client/js/3974048703-warden_bin_i18n_warden__th.js:160
[  152968ms] [INFO] Net state changed from IDLE to BUSY @ https://script.google.com/static/macros/client/js/3974048703-warden_bin_i18n_warden__th.js:160
[  159900ms] [INFO] Net state changed from BUSY to IDLE @ https://script.google.com/static/macros/client/js/3974048703-warden_bin_i18n_warden__th.js:160
[  161105ms] [INFO] Net state changed from IDLE to BUSY @ https://script.google.com/static/macros/client/js/3974048703-warden_bin_i18n_warden__th.js:160
[  162547ms] [INFO] Net state changed from BUSY to IDLE @ https://script.google.com/static/macros/client/js/3974048703-warden_bin_i18n_warden__th.js:160
[  164958ms] [INFO] Net state changed from IDLE to BUSY @ https://script.google.com/static/macros/client/js/3974048703-warden_bin_i18n_warden__th.js:160
[  166343ms] [INFO] Net state changed from BUSY to IDLE @ https://script.google.com/static/macros/client/js/3974048703-warden_bin_i18n_warden__th.js:160
[  172565ms] [ERROR] Framing 'https://n-kz2a2nz4yo2tvmzgiih4z3vyldmidbprgbomgyi-0lu-script.googleusercontent.com/' violates the following report-only Content Security Policy directive: "frame-ancestors 'self'". The violation has been logged, but no further action has been taken.
 @ :0
[  176942ms] [ERROR] Framing 'https://n-kz2a2nz4yo2tvmzgiih4z3vyldmidbprgbomgyi-0lu-script.googleusercontent.com/' violates the following report-only Content Security Policy directive: "frame-ancestors 'self'". The violation has been logged, but no further action has been taken.
 @ :0
[  178703ms] [WARNING] Unrecognized feature: 'ambient-light-sensor'. @ https://script.google.com/macros/s/AKfycbwxQFWNKu-uiNba56dXR_qC-vPUjdX89igTxl00X51VIDP3mlYQUO3u1p41_bCbjFwZ/exec?page=admin_enrollments&token=OOYcQ0Zj9tgJWEEa78R9NUWBRlIkXB2MakvuyFTG:10
[  178703ms] [WARNING] Unrecognized feature: 'speaker'. @ https://script.google.com/macros/s/AKfycbwxQFWNKu-uiNba56dXR_qC-vPUjdX89igTxl00X51VIDP3mlYQUO3u1p41_bCbjFwZ/exec?page=admin_enrollments&token=OOYcQ0Zj9tgJWEEa78R9NUWBRlIkXB2MakvuyFTG:10
[  178703ms] [WARNING] Unrecognized feature: 'vibrate'. @ https://script.google.com/macros/s/AKfycbwxQFWNKu-uiNba56dXR_qC-vPUjdX89igTxl00X51VIDP3mlYQUO3u1p41_bCbjFwZ/exec?page=admin_enrollments&token=OOYcQ0Zj9tgJWEEa78R9NUWBRlIkXB2MakvuyFTG:10
[  178703ms] [WARNING] Unrecognized feature: 'vr'. @ https://script.google.com/macros/s/AKfycbwxQFWNKu-uiNba56dXR_qC-vPUjdX89igTxl00X51VIDP3mlYQUO3u1p41_bCbjFwZ/exec?page=admin_enrollments&token=OOYcQ0Zj9tgJWEEa78R9NUWBRlIkXB2MakvuyFTG:10
[  179407ms] [WARNING] Unrecognized feature: 'ambient-light-sensor'. @ https://n-kz2a2nz4yo2tvmzgiih4z3vyldmidbprgbomgyi-0lu-script.googleusercontent.com/userCodeAppPanel:0
[  179407ms] [WARNING] Unrecognized feature: 'speaker'. @ https://n-kz2a2nz4yo2tvmzgiih4z3vyldmidbprgbomgyi-0lu-script.googleusercontent.com/userCodeAppPanel:0
[  179407ms] [WARNING] Unrecognized feature: 'vibrate'. @ https://n-kz2a2nz4yo2tvmzgiih4z3vyldmidbprgbomgyi-0lu-script.googleusercontent.com/userCodeAppPanel:0
[  179407ms] [WARNING] Unrecognized feature: 'vr'. @ https://n-kz2a2nz4yo2tvmzgiih4z3vyldmidbprgbomgyi-0lu-script.googleusercontent.com/userCodeAppPanel:0
[  179415ms] [ERROR] Framing 'https://n-kz2a2nz4yo2tvmzgiih4z3vyldmidbprgbomgyi-0lu-script.googleusercontent.com/' violates the following report-only Content Security Policy directive: "frame-ancestors 'self'". The violation has been logged, but no further action has been taken.
 @ :0
[  179442ms] [INFO] Net state changed from IDLE to BUSY @ https://script.google.com/static/macros/client/js/3974048703-warden_bin_i18n_warden__th.js:160
[  185461ms] [INFO] Net state changed from BUSY to IDLE @ https://script.google.com/static/macros/client/js/3974048703-warden_bin_i18n_warden__th.js:160
[  186204ms] [INFO] Net state changed from IDLE to BUSY @ https://script.google.com/static/macros/client/js/3974048703-warden_bin_i18n_warden__th.js:160
[  187578ms] [INFO] Net state changed from BUSY to IDLE @ https://script.google.com/static/macros/client/js/3974048703-warden_bin_i18n_warden__th.js:160
[ 1599485ms] [WARNING] Unrecognized feature: 'ambient-light-sensor'. @ https://script.google.com/macros/s/AKfycbwxQFWNKu-uiNba56dXR_qC-vPUjdX89igTxl00X51VIDP3mlYQUO3u1p41_bCbjFwZ/exec:10
[ 1599485ms] [WARNING] Unrecognized feature: 'speaker'. @ https://script.google.com/macros/s/AKfycbwxQFWNKu-uiNba56dXR_qC-vPUjdX89igTxl00X51VIDP3mlYQUO3u1p41_bCbjFwZ/exec:10
[ 1599485ms] [WARNING] Unrecognized feature: 'vibrate'. @ https://script.google.com/macros/s/AKfycbwxQFWNKu-uiNba56dXR_qC-vPUjdX89igTxl00X51VIDP3mlYQUO3u1p41_bCbjFwZ/exec:10
[ 1599485ms] [WARNING] Unrecognized feature: 'vr'. @ https://script.google.com/macros/s/AKfycbwxQFWNKu-uiNba56dXR_qC-vPUjdX89igTxl00X51VIDP3mlYQUO3u1p41_bCbjFwZ/exec:10
[ 1600254ms] [WARNING] Unrecognized feature: 'ambient-light-sensor'. @ https://n-kz2a2nz4yo2tvmzgiih4z3vyldmidbprgbomgyi-0lu-script.googleusercontent.com/userCodeAppPanel:0
[ 1600254ms] [WARNING] Unrecognized feature: 'speaker'. @ https://n-kz2a2nz4yo2tvmzgiih4z3vyldmidbprgbomgyi-0lu-script.googleusercontent.com/userCodeAppPanel:0
[ 1600254ms] [WARNING] Unrecognized feature: 'vibrate'. @ https://n-kz2a2nz4yo2tvmzgiih4z3vyldmidbprgbomgyi-0lu-script.googleusercontent.com/userCodeAppPanel:0
[ 1600254ms] [WARNING] Unrecognized feature: 'vr'. @ https://n-kz2a2nz4yo2tvmzgiih4z3vyldmidbprgbomgyi-0lu-script.googleusercontent.com/userCodeAppPanel:0
[ 1600259ms] [ERROR] Framing 'https://n-kz2a2nz4yo2tvmzgiih4z3vyldmidbprgbomgyi-0lu-script.googleusercontent.com/' violates the following report-only Content Security Policy directive: "frame-ancestors 'self'". The violation has been logged, but no further action has been taken.
 @ :0
[ 1600391ms] [VERBOSE] [DOM] Password field is not contained in a form: (More info: https://goo.gl/9p2vKq) %o @ https://n-kz2a2nz4yo2tvmzgiih4z3vyldmidbprgbomgyi-0lu-script.googleusercontent.com/userCodeAppPanel:0
[ 1610694ms] [INFO] Net state changed from IDLE to BUSY @ https://script.google.com/static/macros/client/js/3974048703-warden_bin_i18n_warden__th.js:160
[ 1614344ms] [INFO] Net state changed from BUSY to IDLE @ https://script.google.com/static/macros/client/js/3974048703-warden_bin_i18n_warden__th.js:160
[ 1614351ms] [INFO] Net state changed from IDLE to BUSY @ https://script.google.com/static/macros/client/js/3974048703-warden_bin_i18n_warden__th.js:160
[ 1615657ms] [INFO] Net state changed from BUSY to IDLE @ https://script.google.com/static/macros/client/js/3974048703-warden_bin_i18n_warden__th.js:160
[ 1623493ms] [INFO] Net state changed from IDLE to BUSY @ https://script.google.com/static/macros/client/js/3974048703-warden_bin_i18n_warden__th.js:160
[ 1624841ms] [INFO] Net state changed from BUSY to IDLE @ https://script.google.com/static/macros/client/js/3974048703-warden_bin_i18n_warden__th.js:160
[ 1624845ms] [INFO] Net state changed from IDLE to BUSY @ https://script.google.com/static/macros/client/js/3974048703-warden_bin_i18n_warden__th.js:160
[ 1630044ms] [INFO] Net state changed from BUSY to IDLE @ https://script.google.com/static/macros/client/js/3974048703-warden_bin_i18n_warden__th.js:160
[ 1637411ms] [INFO] Net state changed from IDLE to BUSY @ https://script.google.com/static/macros/client/js/3974048703-warden_bin_i18n_warden__th.js:160
[ 1638876ms] [INFO] Net state changed from BUSY to IDLE @ https://script.google.com/static/macros/client/js/3974048703-warden_bin_i18n_warden__th.js:160
[ 1638884ms] [INFO] Net state changed from IDLE to BUSY @ https://script.google.com/static/macros/client/js/3974048703-warden_bin_i18n_warden__th.js:160
[ 1642409ms] [INFO] Net state changed from BUSY to IDLE @ https://script.google.com/static/macros/client/js/3974048703-warden_bin_i18n_warden__th.js:160
[ 1642417ms] [INFO] Net state changed from IDLE to BUSY @ https://script.google.com/static/macros/client/js/3974048703-warden_bin_i18n_warden__th.js:160
[ 1646151ms] [INFO] Net state changed from BUSY to IDLE @ https://script.google.com/static/macros/client/js/3974048703-warden_bin_i18n_warden__th.js:160
[ 1649699ms] [INFO] Net state changed from IDLE to BUSY @ https://script.google.com/static/macros/client/js/3974048703-warden_bin_i18n_warden__th.js:160
[ 1650940ms] [INFO] Net state changed from BUSY to IDLE @ https://script.google.com/static/macros/client/js/3974048703-warden_bin_i18n_warden__th.js:160
