[    1555ms] [WARNING] Unrecognized feature: 'ambient-light-sensor'. @ https://script.google.com/macros/s/AKfycbwxQFWNKu-uiNba56dXR_qC-vPUjdX89igTxl00X51VIDP3mlYQUO3u1p41_bCbjFwZ/exec:10
[    1555ms] [WARNING] Unrecognized feature: 'speaker'. @ https://script.google.com/macros/s/AKfycbwxQFWNKu-uiNba56dXR_qC-vPUjdX89igTxl00X51VIDP3mlYQUO3u1p41_bCbjFwZ/exec:10
[    1555ms] [WARNING] Unrecognized feature: 'vibrate'. @ https://script.google.com/macros/s/AKfycbwxQFWNKu-uiNba56dXR_qC-vPUjdX89igTxl00X51VIDP3mlYQUO3u1p41_bCbjFwZ/exec:10
[    1555ms] [WARNING] Unrecognized feature: 'vr'. @ https://script.google.com/macros/s/AKfycbwxQFWNKu-uiNba56dXR_qC-vPUjdX89igTxl00X51VIDP3mlYQUO3u1p41_bCbjFwZ/exec:10
[    1557ms] [WARNING] An iframe which has both allow-scripts and allow-same-origin for its sandbox attribute can escape its sandboxing. @ about:blank:0
[    2195ms] [WARNING] Unrecognized feature: 'ambient-light-sensor'. @ https://n-kz2a2nz4yo2tvmzgiih4z3vyldmidbprgbomgyi-0lu-script.googleusercontent.com/userCodeAppPanel:0
[    2195ms] [WARNING] Unrecognized feature: 'speaker'. @ https://n-kz2a2nz4yo2tvmzgiih4z3vyldmidbprgbomgyi-0lu-script.googleusercontent.com/userCodeAppPanel:0
[    2195ms] [WARNING] Unrecognized feature: 'vibrate'. @ https://n-kz2a2nz4yo2tvmzgiih4z3vyldmidbprgbomgyi-0lu-script.googleusercontent.com/userCodeAppPanel:0
[    2195ms] [WARNING] Unrecognized feature: 'vr'. @ https://n-kz2a2nz4yo2tvmzgiih4z3vyldmidbprgbomgyi-0lu-script.googleusercontent.com/userCodeAppPanel:0
[    2199ms] [ERROR] Framing 'https://n-kz2a2nz4yo2tvmzgiih4z3vyldmidbprgbomgyi-0lu-script.googleusercontent.com/' violates the following report-only Content Security Policy directive: "frame-ancestors 'self'". The violation has been logged, but no further action has been taken.
 @ :0
[    2352ms] [VERBOSE] [DOM] Password field is not contained in a form: (More info: https://goo.gl/9p2vKq) %o @ https://n-kz2a2nz4yo2tvmzgiih4z3vyldmidbprgbomgyi-0lu-script.googleusercontent.com/userCodeAppPanel:0
[   14615ms] [INFO] Net state changed from IDLE to BUSY @ https://script.google.com/static/macros/client/js/3974048703-warden_bin_i18n_warden__th.js:160
[   16680ms] [INFO] Net state changed from BUSY to IDLE @ https://script.google.com/static/macros/client/js/3974048703-warden_bin_i18n_warden__th.js:160
[   16682ms] [INFO] Net state changed from IDLE to BUSY @ https://script.google.com/static/macros/client/js/3974048703-warden_bin_i18n_warden__th.js:160
[   17949ms] [INFO] Net state changed from BUSY to IDLE @ https://script.google.com/static/macros/client/js/3974048703-warden_bin_i18n_warden__th.js:160
[   36481ms] [INFO] Net state changed from IDLE to BUSY @ https://script.google.com/static/macros/client/js/3974048703-warden_bin_i18n_warden__th.js:160
[   37852ms] [INFO] Net state changed from BUSY to IDLE @ https://script.google.com/static/macros/client/js/3974048703-warden_bin_i18n_warden__th.js:160
[   37860ms] [INFO] Net state changed from IDLE to BUSY @ https://script.google.com/static/macros/client/js/3974048703-warden_bin_i18n_warden__th.js:160
[   40940ms] [INFO] Net state changed from BUSY to IDLE @ https://script.google.com/static/macros/client/js/3974048703-warden_bin_i18n_warden__th.js:160
[   40943ms] [INFO] Net state changed from IDLE to BUSY @ https://script.google.com/static/macros/client/js/3974048703-warden_bin_i18n_warden__th.js:160
[   43481ms] [INFO] Net state changed from BUSY to IDLE @ https://script.google.com/static/macros/client/js/3974048703-warden_bin_i18n_warden__th.js:160
[   83466ms] [INFO] Net state changed from IDLE to BUSY @ https://script.google.com/static/macros/client/js/3974048703-warden_bin_i18n_warden__th.js:160
[   85405ms] [INFO] Net state changed from BUSY to IDLE @ https://script.google.com/static/macros/client/js/3974048703-warden_bin_i18n_warden__th.js:160
[   85413ms] [INFO] Net state changed from IDLE to BUSY @ https://script.google.com/static/macros/client/js/3974048703-warden_bin_i18n_warden__th.js:160
[   88460ms] [INFO] Net state changed from BUSY to IDLE @ https://script.google.com/static/macros/client/js/3974048703-warden_bin_i18n_warden__th.js:160
[  107804ms] [INFO] Net state changed from IDLE to BUSY @ https://script.google.com/static/macros/client/js/3974048703-warden_bin_i18n_warden__th.js:160
[  109143ms] [INFO] Net state changed from BUSY to IDLE @ https://script.google.com/static/macros/client/js/3974048703-warden_bin_i18n_warden__th.js:160
