[    2473ms] [WARNING] Unrecognized feature: 'ambient-light-sensor'. @ https://script.google.com/macros/s/AKfycbwxQFWNKu-uiNba56dXR_qC-vPUjdX89igTxl00X51VIDP3mlYQUO3u1p41_bCbjFwZ/exec:10
[    2473ms] [WARNING] Unrecognized feature: 'speaker'. @ https://script.google.com/macros/s/AKfycbwxQFWNKu-uiNba56dXR_qC-vPUjdX89igTxl00X51VIDP3mlYQUO3u1p41_bCbjFwZ/exec:10
[    2473ms] [WARNING] Unrecognized feature: 'vibrate'. @ https://script.google.com/macros/s/AKfycbwxQFWNKu-uiNba56dXR_qC-vPUjdX89igTxl00X51VIDP3mlYQUO3u1p41_bCbjFwZ/exec:10
[    2473ms] [WARNING] Unrecognized feature: 'vr'. @ https://script.google.com/macros/s/AKfycbwxQFWNKu-uiNba56dXR_qC-vPUjdX89igTxl00X51VIDP3mlYQUO3u1p41_bCbjFwZ/exec:10
[    2474ms] [WARNING] An iframe which has both allow-scripts and allow-same-origin for its sandbox attribute can escape its sandboxing. @ about:blank:0
[    2913ms] [WARNING] Unrecognized feature: 'ambient-light-sensor'. @ https://n-kz2a2nz4yo2tvmzgiih4z3vyldmidbprgbomgyi-0lu-script.googleusercontent.com/userCodeAppPanel:0
[    2913ms] [WARNING] Unrecognized feature: 'speaker'. @ https://n-kz2a2nz4yo2tvmzgiih4z3vyldmidbprgbomgyi-0lu-script.googleusercontent.com/userCodeAppPanel:0
[    2913ms] [WARNING] Unrecognized feature: 'vibrate'. @ https://n-kz2a2nz4yo2tvmzgiih4z3vyldmidbprgbomgyi-0lu-script.googleusercontent.com/userCodeAppPanel:0
[    2913ms] [WARNING] Unrecognized feature: 'vr'. @ https://n-kz2a2nz4yo2tvmzgiih4z3vyldmidbprgbomgyi-0lu-script.googleusercontent.com/userCodeAppPanel:0
[    2916ms] [ERROR] Framing 'https://n-kz2a2nz4yo2tvmzgiih4z3vyldmidbprgbomgyi-0lu-script.googleusercontent.com/' violates the following report-only Content Security Policy directive: "frame-ancestors 'self'". The violation has been logged, but no further action has been taken.
 @ :0
[    2929ms] [VERBOSE] [DOM] Password field is not contained in a form: (More info: https://goo.gl/9p2vKq) %o @ https://n-kz2a2nz4yo2tvmzgiih4z3vyldmidbprgbomgyi-0lu-script.googleusercontent.com/userCodeAppPanel:0
[   45643ms] [INFO] Net state changed from IDLE to BUSY @ https://script.google.com/static/macros/client/js/3974048703-warden_bin_i18n_warden__th.js:160
[   48025ms] [INFO] Net state changed from BUSY to IDLE @ https://script.google.com/static/macros/client/js/3974048703-warden_bin_i18n_warden__th.js:160
[   48028ms] [INFO] Net state changed from IDLE to BUSY @ https://script.google.com/static/macros/client/js/3974048703-warden_bin_i18n_warden__th.js:160
[   49310ms] [INFO] Net state changed from BUSY to IDLE @ https://script.google.com/static/macros/client/js/3974048703-warden_bin_i18n_warden__th.js:160
[   75460ms] [ERROR] Framing 'https://n-kz2a2nz4yo2tvmzgiih4z3vyldmidbprgbomgyi-0lu-script.googleusercontent.com/' violates the following report-only Content Security Policy directive: "frame-ancestors 'self'". The violation has been logged, but no further action has been taken.
 @ :0
[   79192ms] [ERROR] Framing 'https://n-kz2a2nz4yo2tvmzgiih4z3vyldmidbprgbomgyi-0lu-script.googleusercontent.com/' violates the following report-only Content Security Policy directive: "frame-ancestors 'self'". The violation has been logged, but no further action has been taken.
 @ :0
[   81146ms] [ERROR] Framing 'https://n-kz2a2nz4yo2tvmzgiih4z3vyldmidbprgbomgyi-0lu-script.googleusercontent.com/' violates the following report-only Content Security Policy directive: "frame-ancestors 'self'". The violation has been logged, but no further action has been taken.
 @ :0
[   82550ms] [ERROR] Framing 'https://n-kz2a2nz4yo2tvmzgiih4z3vyldmidbprgbomgyi-0lu-script.googleusercontent.com/' violates the following report-only Content Security Policy directive: "frame-ancestors 'self'". The violation has been logged, but no further action has been taken.
 @ :0
[   83613ms] [ERROR] Framing 'https://n-kz2a2nz4yo2tvmzgiih4z3vyldmidbprgbomgyi-0lu-script.googleusercontent.com/' violates the following report-only Content Security Policy directive: "frame-ancestors 'self'". The violation has been logged, but no further action has been taken.
 @ :0
[   85199ms] [WARNING] Unrecognized feature: 'ambient-light-sensor'. @ https://script.google.com/macros/s/AKfycbwxQFWNKu-uiNba56dXR_qC-vPUjdX89igTxl00X51VIDP3mlYQUO3u1p41_bCbjFwZ/exec:10
[   85199ms] [WARNING] Unrecognized feature: 'speaker'. @ https://script.google.com/macros/s/AKfycbwxQFWNKu-uiNba56dXR_qC-vPUjdX89igTxl00X51VIDP3mlYQUO3u1p41_bCbjFwZ/exec:10
[   85199ms] [WARNING] Unrecognized feature: 'vibrate'. @ https://script.google.com/macros/s/AKfycbwxQFWNKu-uiNba56dXR_qC-vPUjdX89igTxl00X51VIDP3mlYQUO3u1p41_bCbjFwZ/exec:10
[   85200ms] [WARNING] Unrecognized feature: 'vr'. @ https://script.google.com/macros/s/AKfycbwxQFWNKu-uiNba56dXR_qC-vPUjdX89igTxl00X51VIDP3mlYQUO3u1p41_bCbjFwZ/exec:10
[   85657ms] [WARNING] Unrecognized feature: 'ambient-light-sensor'. @ https://n-kz2a2nz4yo2tvmzgiih4z3vyldmidbprgbomgyi-0lu-script.googleusercontent.com/userCodeAppPanel:0
[   85657ms] [WARNING] Unrecognized feature: 'speaker'. @ https://n-kz2a2nz4yo2tvmzgiih4z3vyldmidbprgbomgyi-0lu-script.googleusercontent.com/userCodeAppPanel:0
[   85657ms] [WARNING] Unrecognized feature: 'vibrate'. @ https://n-kz2a2nz4yo2tvmzgiih4z3vyldmidbprgbomgyi-0lu-script.googleusercontent.com/userCodeAppPanel:0
[   85657ms] [WARNING] Unrecognized feature: 'vr'. @ https://n-kz2a2nz4yo2tvmzgiih4z3vyldmidbprgbomgyi-0lu-script.googleusercontent.com/userCodeAppPanel:0
[   85661ms] [ERROR] Framing 'https://n-kz2a2nz4yo2tvmzgiih4z3vyldmidbprgbomgyi-0lu-script.googleusercontent.com/' violates the following report-only Content Security Policy directive: "frame-ancestors 'self'". The violation has been logged, but no further action has been taken.
 @ :0
[   85675ms] [VERBOSE] [DOM] Password field is not contained in a form: (More info: https://goo.gl/9p2vKq) %o @ https://n-kz2a2nz4yo2tvmzgiih4z3vyldmidbprgbomgyi-0lu-script.googleusercontent.com/userCodeAppPanel:0
[   94308ms] [INFO] Net state changed from IDLE to BUSY @ https://script.google.com/static/macros/client/js/3974048703-warden_bin_i18n_warden__th.js:160
[   95931ms] [INFO] Net state changed from BUSY to IDLE @ https://script.google.com/static/macros/client/js/3974048703-warden_bin_i18n_warden__th.js:160
[  100954ms] [INFO] Net state changed from IDLE to BUSY @ https://script.google.com/static/macros/client/js/3974048703-warden_bin_i18n_warden__th.js:160
[  103575ms] [INFO] Net state changed from BUSY to IDLE @ https://script.google.com/static/macros/client/js/3974048703-warden_bin_i18n_warden__th.js:160
[  103580ms] [INFO] Net state changed from IDLE to BUSY @ https://script.google.com/static/macros/client/js/3974048703-warden_bin_i18n_warden__th.js:160
[  104740ms] [INFO] Net state changed from BUSY to IDLE @ https://script.google.com/static/macros/client/js/3974048703-warden_bin_i18n_warden__th.js:160
